assembly,n_seqs,smallest,largest,n_bases,mean_len,n_under_200,n_over_1k,n_over_10k,n_with_orf,mean_orf_percent,n90,n70,n50,n30,n10,gc,bases_n,proportion_n,fragments,fragments_mapped,p_fragments_mapped,good_mappings,p_good_mapping,bad_mappings,potential_bridges,bases_uncovered,p_bases_uncovered,contigs_uncovbase,p_contigs_uncovbase,contigs_uncovered,p_contigs_uncovered,contigs_lowcovered,p_contigs_lowcovered,contigs_segmented,p_contigs_segmented,score,optimal_score,cutoff,weighted
/var/lib/cwl/stg5aa7d3bc-817e-445d-aa5d-997f680fcd2b/trinity_out_dir.Trinity.fasta,184,201,2121,75191,408.64674,0,7,0,27,75.95457,233,305,427,627,1403,0.491,0,0.0,6960,2011,0.28894,1934,0.27787,77,0,8257,0.10981,58,0.31522,34,0.18478,183,0.99457,4,0.02174,0.13336,0.22449,0.66355,1210.21866
