{
    "salmon_version": "0.6.0",
    "samp_type": "none",
    "frag_dist_length": 801,
    "bias_correct": true,
    "num_bias_bins": 4096,
    "mapping_type": "alignment",
    "num_targets": 285,
    "num_bootstraps": 0,
    "num_processed": 7048,
    "num_mapped": 2282,
    "percent_mapped": 32.377979568671968,
    "call": "quant",
    "start_time": "Tue Feb  5 14:33:49 2019"
}