assembly,n_seqs,smallest,largest,n_bases,mean_len,n_under_200,n_over_1k,n_over_10k,n_with_orf,mean_orf_percent,n90,n70,n50,n30,n10,gc,bases_n,proportion_n,fragments,fragments_mapped,p_fragments_mapped,good_mappings,p_good_mapping,bad_mappings,potential_bridges,bases_uncovered,p_bases_uncovered,contigs_uncovbase,p_contigs_uncovbase,contigs_uncovered,p_contigs_uncovered,contigs_lowcovered,p_contigs_lowcovered,contigs_segmented,p_contigs_segmented,score,optimal_score,cutoff,weighted
/var/lib/cwl/stg2234babd-d6db-4f21-b8f8-7e4dbeb8e921/trinity_out_dir.Trinity.fasta,285,201,2121,113856,399.49474,0,7,0,38,75.3399,232,307,416,615,1117,0.48175,0,0.0,6960,2263,0.32514,2173,0.31221,90,1,19336,0.16983,139,0.48772,84,0.29474,283,0.99298,1,0.00351,0.11191,0.25395,0.68484,877.04526
